// Jest Snapshot v1, https://goo.gl/fbAQLP

exports[`Componente de Transações O snapshot do componente deve permanecer sempre o mesmo 1`] = `
<div
  class="transacao-container"
>
  <p>
    15/04/2021
  </p>
  <p>
    saque
  </p>
  <p>
    R$ 
    20.00
  </p>
</div>
`;
